2026-06-11 21:47:17.301 [INFO ] [main] [-] SERVER_START port=5500 workers=16 tls=1
2026-06-11 21:47:17.446 [INFO ] [main] [-] MANIFEST_RELOAD ok latest=1.5.0 package=app-1.5.0-medium.bin size=8388608
2026-06-11 21:47:17.461 [INFO ] [worker-01] [-] WORKER_START
2026-06-11 21:47:17.461 [INFO ] [worker-02] [-] WORKER_START
2026-06-11 21:47:17.461 [INFO ] [worker-03] [-] WORKER_START
2026-06-11 21:47:17.462 [INFO ] [worker-04] [-] WORKER_START
2026-06-11 21:47:17.462 [INFO ] [worker-05] [-] WORKER_START
2026-06-11 21:47:17.462 [INFO ] [worker-06] [-] WORKER_START
2026-06-11 21:47:17.462 [INFO ] [worker-07] [-] WORKER_START
2026-06-11 21:47:17.462 [INFO ] [worker-08] [-] WORKER_START
2026-06-11 21:47:17.462 [INFO ] [worker-09] [-] WORKER_START
2026-06-11 21:47:17.462 [INFO ] [worker-10] [-] WORKER_START
2026-06-11 21:47:17.462 [INFO ] [worker-11] [-] WORKER_START
2026-06-11 21:47:17.462 [INFO ] [worker-12] [-] WORKER_START
2026-06-11 21:47:17.462 [INFO ] [worker-13] [-] WORKER_START
2026-06-11 21:47:17.462 [INFO ] [worker-14] [-] WORKER_START
2026-06-11 21:47:17.462 [INFO ] [worker-15] [-] WORKER_START
2026-06-11 21:47:17.462 [INFO ] [worker-16] [-] WORKER_START
2026-06-11 21:47:17.462 [INFO ] [acceptor] [-] ACCEPTOR_START listen_fd=4
2026-06-11 21:47:18.366 [INFO ] [acceptor] [127.0.0.1:33374 fd=7] ACCEPT queued
2026-06-11 21:47:18.466 [INFO ] [worker-01] [127.0.0.1:33374 fd=7] AUTH ok id=client_001 method=mTLS
2026-06-11 21:47:18.507 [INFO ] [worker-01] [127.0.0.1:33374 fd=7] VERSION_CHECK id=client_001 cur=1.2.0 latest=1.5.0 decision=UPDATE size=8388608
2026-06-11 21:47:29.161 [INFO ] [worker-01] [127.0.0.1:33374 fd=7] PACKAGE_STREAM complete path=./packages/app-1.5.0-medium.bin bytes=8388608 offset=0 chunk=32768 delay_us=40000
2026-06-11 21:47:29.407 [INFO ] [worker-01] [127.0.0.1:33374 fd=7] TRANSFER_DONE id=client_001 bytes=8388608 status=OK
2026-06-11 21:47:29.407 [INFO ] [worker-01] [127.0.0.1:33374 fd=7] SESSION_END status=OK
2026-06-11 21:47:33.544 [INFO ] [acceptor] [-] ACCEPTOR_STOP
2026-06-11 21:47:33.545 [INFO ] [worker-01] [-] WORKER_STOP
2026-06-11 21:47:33.545 [INFO ] [worker-02] [-] WORKER_STOP
2026-06-11 21:47:33.545 [INFO ] [worker-03] [-] WORKER_STOP
2026-06-11 21:47:33.545 [INFO ] [worker-05] [-] WORKER_STOP
2026-06-11 21:47:33.545 [INFO ] [worker-04] [-] WORKER_STOP
2026-06-11 21:47:33.545 [INFO ] [worker-06] [-] WORKER_STOP
2026-06-11 21:47:33.545 [INFO ] [worker-08] [-] WORKER_STOP
2026-06-11 21:47:33.545 [INFO ] [worker-09] [-] WORKER_STOP
2026-06-11 21:47:33.545 [INFO ] [worker-10] [-] WORKER_STOP
2026-06-11 21:47:33.545 [INFO ] [worker-11] [-] WORKER_STOP
2026-06-11 21:47:33.545 [INFO ] [worker-07] [-] WORKER_STOP
2026-06-11 21:47:33.545 [INFO ] [worker-12] [-] WORKER_STOP
2026-06-11 21:47:33.545 [INFO ] [worker-13] [-] WORKER_STOP
2026-06-11 21:47:33.545 [INFO ] [worker-15] [-] WORKER_STOP
2026-06-11 21:47:33.545 [INFO ] [worker-14] [-] WORKER_STOP
2026-06-11 21:47:33.545 [INFO ] [worker-16] [-] WORKER_STOP
2026-06-11 21:47:34.527 [INFO ] [main] [-] SERVER_SHUTDOWN
2026-06-11 21:47:41.947 [INFO ] [main] [-] SERVER_START port=5500 workers=16 tls=1
2026-06-11 21:47:42.100 [INFO ] [main] [-] MANIFEST_RELOAD ok latest=1.5.0 package=app-1.5.0-medium.bin size=8388608
2026-06-11 21:47:42.115 [INFO ] [worker-01] [-] WORKER_START
2026-06-11 21:47:42.115 [INFO ] [worker-02] [-] WORKER_START
2026-06-11 21:47:42.115 [INFO ] [worker-03] [-] WORKER_START
2026-06-11 21:47:42.115 [INFO ] [worker-04] [-] WORKER_START
2026-06-11 21:47:42.115 [INFO ] [worker-05] [-] WORKER_START
2026-06-11 21:47:42.115 [INFO ] [worker-06] [-] WORKER_START
2026-06-11 21:47:42.115 [INFO ] [worker-07] [-] WORKER_START
2026-06-11 21:47:42.115 [INFO ] [worker-08] [-] WORKER_START
2026-06-11 21:47:42.115 [INFO ] [worker-09] [-] WORKER_START
2026-06-11 21:47:42.116 [INFO ] [worker-10] [-] WORKER_START
2026-06-11 21:47:42.116 [INFO ] [worker-11] [-] WORKER_START
2026-06-11 21:47:42.116 [INFO ] [worker-12] [-] WORKER_START
2026-06-11 21:47:42.116 [INFO ] [worker-13] [-] WORKER_START
2026-06-11 21:47:42.116 [INFO ] [worker-14] [-] WORKER_START
2026-06-11 21:47:42.116 [INFO ] [worker-15] [-] WORKER_START
2026-06-11 21:47:42.116 [INFO ] [worker-16] [-] WORKER_START
2026-06-11 21:47:42.116 [INFO ] [acceptor] [-] ACCEPTOR_START listen_fd=4
2026-06-11 21:47:43.016 [INFO ] [acceptor] [127.0.0.1:56456 fd=7] ACCEPT queued
2026-06-11 21:47:43.120 [INFO ] [worker-01] [127.0.0.1:56456 fd=7] AUTH ok id=client_001 method=mTLS
2026-06-11 21:47:43.161 [INFO ] [worker-01] [127.0.0.1:56456 fd=7] VERSION_CHECK id=client_001 cur=1.2.0 latest=1.5.0 decision=UPDATE size=8388608
2026-06-11 21:47:53.721 [INFO ] [worker-01] [127.0.0.1:56456 fd=7] PACKAGE_STREAM complete path=./packages/app-1.5.0-medium.bin bytes=8388608 offset=0 chunk=32768 delay_us=40000
2026-06-11 21:47:53.977 [INFO ] [worker-01] [127.0.0.1:56456 fd=7] TRANSFER_DONE id=client_001 bytes=8388608 status=OK
2026-06-11 21:47:53.977 [INFO ] [worker-01] [127.0.0.1:56456 fd=7] SESSION_END status=OK
2026-06-11 21:47:56.631 [INFO ] [acceptor] [-] ACCEPTOR_STOP
2026-06-11 21:47:56.633 [INFO ] [worker-01] [-] WORKER_STOP
2026-06-11 21:47:56.633 [INFO ] [worker-04] [-] WORKER_STOP
2026-06-11 21:47:56.633 [INFO ] [worker-08] [-] WORKER_STOP
2026-06-11 21:47:56.633 [INFO ] [worker-03] [-] WORKER_STOP
2026-06-11 21:47:56.633 [INFO ] [worker-02] [-] WORKER_STOP
2026-06-11 21:47:56.634 [INFO ] [worker-05] [-] WORKER_STOP
2026-06-11 21:47:56.634 [INFO ] [worker-10] [-] WORKER_STOP
2026-06-11 21:47:56.634 [INFO ] [worker-06] [-] WORKER_STOP
2026-06-11 21:47:56.634 [INFO ] [worker-07] [-] WORKER_STOP
2026-06-11 21:47:56.634 [INFO ] [worker-11] [-] WORKER_STOP
2026-06-11 21:47:56.634 [INFO ] [worker-09] [-] WORKER_STOP
2026-06-11 21:47:56.634 [INFO ] [worker-14] [-] WORKER_STOP
2026-06-11 21:47:56.634 [INFO ] [worker-12] [-] WORKER_STOP
2026-06-11 21:47:56.634 [INFO ] [worker-15] [-] WORKER_STOP
2026-06-11 21:47:56.634 [INFO ] [worker-13] [-] WORKER_STOP
2026-06-11 21:47:56.634 [INFO ] [worker-16] [-] WORKER_STOP
2026-06-11 21:47:57.119 [INFO ] [main] [-] SERVER_SHUTDOWN
2026-07-25 18:12:54.822 [INFO ] [main] [-] SERVER_START port=5500 workers=16 tls=1
2026-07-25 18:12:54.966 [INFO ] [main] [-] MANIFEST_RELOAD ok latest=1.5.0 package=app-1.5.0-medium.bin size=8388608
2026-07-25 18:12:55.007 [INFO ] [worker-01] [-] WORKER_START
2026-07-25 18:12:55.008 [INFO ] [worker-02] [-] WORKER_START
2026-07-25 18:12:55.008 [INFO ] [worker-03] [-] WORKER_START
2026-07-25 18:12:55.008 [INFO ] [worker-04] [-] WORKER_START
2026-07-25 18:12:55.008 [INFO ] [worker-06] [-] WORKER_START
2026-07-25 18:12:55.008 [INFO ] [worker-05] [-] WORKER_START
2026-07-25 18:12:55.008 [INFO ] [worker-07] [-] WORKER_START
2026-07-25 18:12:55.008 [INFO ] [worker-08] [-] WORKER_START
2026-07-25 18:12:55.008 [INFO ] [worker-09] [-] WORKER_START
2026-07-25 18:12:55.008 [INFO ] [worker-10] [-] WORKER_START
2026-07-25 18:12:55.008 [INFO ] [worker-11] [-] WORKER_START
2026-07-25 18:12:55.008 [INFO ] [worker-12] [-] WORKER_START
2026-07-25 18:12:55.008 [INFO ] [worker-13] [-] WORKER_START
2026-07-25 18:12:55.008 [INFO ] [worker-14] [-] WORKER_START
2026-07-25 18:12:55.008 [INFO ] [worker-15] [-] WORKER_START
2026-07-25 18:12:55.008 [INFO ] [worker-16] [-] WORKER_START
2026-07-25 18:12:55.008 [INFO ] [acceptor] [-] ACCEPTOR_START listen_fd=4
2026-07-25 18:15:31.115 [INFO ] [acceptor] [127.0.0.1:35658 fd=7] ACCEPT queued
2026-07-25 18:15:31.215 [INFO ] [worker-01] [127.0.0.1:35658 fd=7] AUTH ok id=client_001 method=mTLS
2026-07-25 18:15:31.258 [INFO ] [worker-01] [127.0.0.1:35658 fd=7] VERSION_CHECK id=client_001 cur=1.5.0 latest=1.5.0 decision=UPTODATE
2026-07-25 18:15:31.258 [INFO ] [worker-01] [127.0.0.1:35658 fd=7] SESSION_END status=OK
2026-07-25 18:17:11.195 [INFO ] [acceptor] [127.0.0.1:46718 fd=7] ACCEPT queued
2026-07-25 18:17:11.291 [INFO ] [worker-02] [127.0.0.1:46718 fd=7] AUTH ok id=client_002 method=mTLS
2026-07-25 18:17:11.334 [INFO ] [worker-02] [127.0.0.1:46718 fd=7] VERSION_CHECK id=client_002 cur=1.2.0 latest=1.5.0 decision=UPDATE size=8388608
2026-07-25 18:17:21.929 [INFO ] [worker-02] [127.0.0.1:46718 fd=7] PACKAGE_STREAM complete path=./packages/app-1.5.0-medium.bin bytes=8388608 offset=0 chunk=32768 delay_us=40000
2026-07-25 18:17:22.090 [INFO ] [worker-02] [127.0.0.1:46718 fd=7] TRANSFER_DONE id=client_002 bytes=8388608 status=OK
2026-07-25 18:17:22.090 [INFO ] [worker-02] [127.0.0.1:46718 fd=7] SESSION_END status=OK
